stm32f1xx_it.c:78:6:NMI_Handler	4	static
stm32f1xx_it.c:93:6:HardFault_Handler	4	static
stm32f1xx_it.c:108:6:MemManage_Handler	4	static
stm32f1xx_it.c:123:6:BusFault_Handler	4	static
stm32f1xx_it.c:138:6:UsageFault_Handler	4	static
stm32f1xx_it.c:153:6:SVC_Handler	4	static
stm32f1xx_it.c:166:6:DebugMon_Handler	4	static
stm32f1xx_it.c:179:6:PendSV_Handler	4	static
stm32f1xx_it.c:192:6:SysTick_Handler	8	static
stm32f1xx_it.c:213:6:EXTI1_IRQHandler	8	static
stm32f1xx_it.c:226:6:TIM1_UP_IRQHandler	80	static
stm32f1xx_it.c:248:6:TIM1_CC_IRQHandler	88	static
stm32f1xx_it.c:294:6:HAL_GPIO_EXTI_Callback	16	static
